// Jest Snapshot v1, https://goo.gl/fbAQLP

exports[`test renders 1`] = `
<div
  id="app"
>
  <style />
  <h1
    className="welcome"
  >
    Welcome to next.js!
  </h1>
</div>
`;
